
> @trapit/web@0.1.0 build C:\Users\ATHARV\OneDrive\Desktop\Gagan Jain\TRAPit\apps\web
> next build

  Γû▓ Next.js 14.2.35
  - Experiments (use with caution):
    ┬╖ outputFileTracingRoot

   Creating an optimized production build ...
 Γ£ô Compiled successfully
   Skipping linting
   Checking validity of types ...
   Collecting page data ...
   Generating static pages (0/20) ...
   Generating static pages (5/20) 
   Generating static pages (10/20) 
   Generating static pages (15/20) 
 Γ£ô Generating static pages (20/20)
   Finalizing page optimization ...
   Collecting build traces ...
corepack :  ΓÜá Failed to copy traced files for 
C:\Users\ATHARV\OneDrive\Desktop\Gagan 
Jain\TRAPit\apps\web\.next\server\pages\_app.js Error: EPERM: operation not 
permitted, symlink 'C:\Users\ATHARV\OneDrive\Desktop\Gagan 
Jain\TRAPit\node_modules\.pnpm\react@18.2.0\node_modules\react' -> 
'C:\Users\ATHARV\OneDrive\Desktop\Gagan 
Jain\TRAPit\apps\web\.next\standalone\apps\web\node_modules\react'
At line:1 char:1
+ corepack pnpm --filter @trapit/web build > build_output.txt 2>&1
+ ~~~~~~~~~~~~~~~~~~~~~~~~~~~~~~~~~~~~~~~~~~~~~~~~~~~~~~~~~~~~~~~~
    + CategoryInfo          : NotSpecified: ( ΓÜá Failed to ..._modules\react' 
   :String) [], RemoteException
    + FullyQualifiedErrorId : NativeCommandError
 
    at async Object.symlink (node:internal/fs/promises:1002:10)
    at async C:\Users\ATHARV\OneDrive\Desktop\Gagan Jain\TRAPit\node_modules\.p
npm\next@14.2.35_react-dom@18.2.0_react@18.2.0__react@18.2.0\node_modules\next\
dist\build\utils.js:1402:25
    at async Promise.all (index 9)
    at async handleTraceFiles (C:\Users\ATHARV\OneDrive\Desktop\Gagan Jain\TRAP
it\node_modules\.pnpm\next@14.2.35_react-dom@18.2.0_react@18.2.0__react@18.2.0\
node_modules\next\dist\build\utils.js:1390:9)
    at async copyTracedFiles (C:\Users\ATHARV\OneDrive\Desktop\Gagan Jain\TRAPi
t\node_modules\.pnpm\next@14.2.35_react-dom@18.2.0_react@18.2.0__react@18.2.0\n
ode_modules\next\dist\build\utils.js:1451:9)
    at async C:\Users\ATHARV\OneDrive\Desktop\Gagan Jain\TRAPit\node_modules\.p
npm\next@14.2.35_react-dom@18.2.0_react@18.2.0__react@18.2.0\node_modules\next\
dist\build\index.js:224:9
    at async Span.traceAsyncFn (C:\Users\ATHARV\OneDrive\Desktop\Gagan Jain\TRA
Pit\node_modules\.pnpm\next@14.2.35_react-dom@18.2.0_react@18.2.0__react@18.2.0
\node_modules\next\dist\trace\trace.js:154:20)
    at async writeStandaloneDirectory (C:\Users\ATHARV\OneDrive\Desktop\Gagan J
ain\TRAPit\node_modules\.pnpm\next@14.2.35_react-dom@18.2.0_react@18.2.0__react
@18.2.0\node_modules\next\dist\build\index.js:223:5)
    at async C:\Users\ATHARV\OneDrive\Desktop\Gagan Jain\TRAPit\node_modules\.p
npm\next@14.2.35_react-dom@18.2.0_react@18.2.0__react@18.2.0\node_modules\next\
dist\build\index.js:2143:17
    at async Span.traceAsyncFn (C:\Users\ATHARV\OneDrive\Desktop\Gagan Jain\TRA
Pit\node_modules\.pnpm\next@14.2.35_react-dom@18.2.0_react@18.2.0__react@18.2.0
\node_modules\next\dist\trace\trace.js:154:20) {
  errno: -4048,
  code: 'EPERM',
  syscall: 'symlink',
  path: 'C:\\Users\\ATHARV\\OneDrive\\Desktop\\Gagan 
Jain\\TRAPit\\node_modules\\.pnpm\\react@18.2.0\\node_modules\\react',
  dest: 'C:\\Users\\ATHARV\\OneDrive\\Desktop\\Gagan 
Jain\\TRAPit\\apps\\web\\.next\\standalone\\apps\\web\\node_modules\\react'
}
 ΓÜá Failed to copy traced files for C:\Users\ATHARV\OneDrive\Desktop\Gagan 
Jain\TRAPit\apps\web\.next\server\pages\_error.js Error: EPERM: operation not 
permitted, symlink 'C:\Users\ATHARV\OneDrive\Desktop\Gagan 
Jain\TRAPit\node_modules\.pnpm\react@18.2.0\node_modules\react' -> 
'C:\Users\ATHARV\OneDrive\Desktop\Gagan Jain\TRAPit\apps\web\.next\standalone\n
ode_modules\.pnpm\next@14.2.35_react-dom@18.2.0_react@18.2.0__react@18.2.0\node
_modules\react'
    at async Object.symlink (node:internal/fs/promises:1002:10)
    at async C:\Users\ATHARV\OneDrive\Desktop\Gagan Jain\TRAPit\node_modules\.p
npm\next@14.2.35_react-dom@18.2.0_react@18.2.0__react@18.2.0\node_modules\next\
dist\build\utils.js:1402:25
    at async Promise.all (index 13)
    at async handleTraceFiles (C:\Users\ATHARV\OneDrive\Desktop\Gagan Jain\TRAP
it\node_modules\.pnpm\next@14.2.35_react-dom@18.2.0_react@18.2.0__react@18.2.0\
node_modules\next\dist\build\utils.js:1390:9)
    at async copyTracedFiles (C:\Users\ATHARV\OneDrive\Desktop\Gagan Jain\TRAPi
t\node_modules\.pnpm\next@14.2.35_react-dom@18.2.0_react@18.2.0__react@18.2.0\n
ode_modules\next\dist\build\utils.js:1451:9)
    at async C:\Users\ATHARV\OneDrive\Desktop\Gagan Jain\TRAPit\node_modules\.p
npm\next@14.2.35_react-dom@18.2.0_react@18.2.0__react@18.2.0\node_modules\next\
dist\build\index.js:224:9
    at async Span.traceAsyncFn (C:\Users\ATHARV\OneDrive\Desktop\Gagan Jain\TRA
Pit\node_modules\.pnpm\next@14.2.35_react-dom@18.2.0_react@18.2.0__react@18.2.0
\node_modules\next\dist\trace\trace.js:154:20)
    at async writeStandaloneDirectory (C:\Users\ATHARV\OneDrive\Desktop\Gagan J
ain\TRAPit\node_modules\.pnpm\next@14.2.35_react-dom@18.2.0_react@18.2.0__react
@18.2.0\node_modules\next\dist\build\index.js:223:5)
    at async C:\Users\ATHARV\OneDrive\Desktop\Gagan Jain\TRAPit\node_modules\.p
npm\next@14.2.35_react-dom@18.2.0_react@18.2.0__react@18.2.0\node_modules\next\
dist\build\index.js:2143:17
    at async Span.traceAsyncFn (C:\Users\ATHARV\OneDrive\Desktop\Gagan Jain\TRA
Pit\node_modules\.pnpm\next@14.2.35_react-dom@18.2.0_react@18.2.0__react@18.2.0
\node_modules\next\dist\trace\trace.js:154:20) {
  errno: -4048,
  code: 'EPERM',
  syscall: 'symlink',
  path: 'C:\\Users\\ATHARV\\OneDrive\\Desktop\\Gagan 
Jain\\TRAPit\\node_modules\\.pnpm\\react@18.2.0\\node_modules\\react',
  dest: 'C:\\Users\\ATHARV\\OneDrive\\Desktop\\Gagan Jain\\TRAPit\\apps\\web\\.
next\\standalone\\node_modules\\.pnpm\\next@14.2.35_react-dom@18.2.0_react@18.2
.0__react@18.2.0\\node_modules\\react'
}
 ΓÜá Failed to copy traced files for C:\Users\ATHARV\OneDrive\Desktop\Gagan 
Jain\TRAPit\apps\web\.next\server\pages\_document.js Error: EPERM: operation 
not permitted, symlink 'C:\Users\ATHARV\OneDrive\Desktop\Gagan Jain\TRAPit\node
_modules\.pnpm\next@14.2.35_react-dom@18.2.0_react@18.2.0__react@18.2.0\node_mo
dules\next' -> 'C:\Users\ATHARV\OneDrive\Desktop\Gagan 
Jain\TRAPit\apps\web\.next\standalone\apps\web\node_modules\next'
    at async Object.symlink (node:internal/fs/promises:1002:10)
    at async C:\Users\ATHARV\OneDrive\Desktop\Gagan Jain\TRAPit\node_modules\.p
npm\next@14.2.35_react-dom@18.2.0_react@18.2.0__react@18.2.0\node_modules\next\
dist\build\utils.js:1402:25
    at async Promise.all (index 37)
    at async handleTraceFiles (C:\Users\ATHARV\OneDrive\Desktop\Gagan Jain\TRAP
it\node_modules\.pnpm\next@14.2.35_react-dom@18.2.0_react@18.2.0__react@18.2.0\
node_modules\next\dist\build\utils.js:1390:9)
    at async copyTracedFiles (C:\Users\ATHARV\OneDrive\Desktop\Gagan Jain\TRAPi
t\node_modules\.pnpm\next@14.2.35_react-dom@18.2.0_react@18.2.0__react@18.2.0\n
ode_modules\next\dist\build\utils.js:1451:9)
    at async C:\Users\ATHARV\OneDrive\Desktop\Gagan Jain\TRAPit\node_modules\.p
npm\next@14.2.35_react-dom@18.2.0_react@18.2.0__react@18.2.0\node_modules\next\
dist\build\index.js:224:9
    at async Span.traceAsyncFn (C:\Users\ATHARV\OneDrive\Desktop\Gagan Jain\TRA
Pit\node_modules\.pnpm\next@14.2.35_react-dom@18.2.0_react@18.2.0__react@18.2.0
\node_modules\next\dist\trace\trace.js:154:20)
    at async writeStandaloneDirectory (C:\Users\ATHARV\OneDrive\Desktop\Gagan J
ain\TRAPit\node_modules\.pnpm\next@14.2.35_react-dom@18.2.0_react@18.2.0__react
@18.2.0\node_modules\next\dist\build\index.js:223:5)
    at async C:\Users\ATHARV\OneDrive\Desktop\Gagan Jain\TRAPit\node_modules\.p
npm\next@14.2.35_react-dom@18.2.0_react@18.2.0__react@18.2.0\node_modules\next\
dist\build\index.js:2143:17
    at async Span.traceAsyncFn (C:\Users\ATHARV\OneDrive\Desktop\Gagan Jain\TRA
Pit\node_modules\.pnpm\next@14.2.35_react-dom@18.2.0_react@18.2.0__react@18.2.0
\node_modules\next\dist\trace\trace.js:154:20) {
  errno: -4048,
  code: 'EPERM',
  syscall: 'symlink',
  path: 'C:\\Users\\ATHARV\\OneDrive\\Desktop\\Gagan Jain\\TRAPit\\node_modules
\\.pnpm\\next@14.2.35_react-dom@18.2.0_react@18.2.0__react@18.2.0\\node_modules
\\next',
  dest: 'C:\\Users\\ATHARV\\OneDrive\\Desktop\\Gagan 
Jain\\TRAPit\\apps\\web\\.next\\standalone\\apps\\web\\node_modules\\next'
}

> Build error occurred
Error: EPERM: operation not permitted, symlink 
'C:\Users\ATHARV\OneDrive\Desktop\Gagan 
Jain\TRAPit\node_modules\.pnpm\@next+env@14.2.35\node_modules\@next\env' -> 
'C:\Users\ATHARV\OneDrive\Desktop\Gagan Jain\TRAPit\apps\web\.next\standalone\n
ode_modules\.pnpm\next@14.2.35_react-dom@18.2.0_react@18.2.0__react@18.2.0\node
_modules\@next\env'
    at async Object.symlink (node:internal/fs/promises:1002:10)
    at async C:\Users\ATHARV\OneDrive\Desktop\Gagan Jain\TRAPit\node_modules\.p
npm\next@14.2.35_react-dom@18.2.0_react@18.2.0__react@18.2.0\node_modules\next\
dist\build\utils.js:1402:25
    at async Promise.all (index 86)
    at async handleTraceFiles (C:\Users\ATHARV\OneDrive\Desktop\Gagan Jain\TRAP
it\node_modules\.pnpm\next@14.2.35_react-dom@18.2.0_react@18.2.0__react@18.2.0\
node_modules\next\dist\build\utils.js:1390:9)
    at async copyTracedFiles (C:\Users\ATHARV\OneDrive\Desktop\Gagan Jain\TRAPi
t\node_modules\.pnpm\next@14.2.35_react-dom@18.2.0_react@18.2.0__react@18.2.0\n
ode_modules\next\dist\build\utils.js:1472:5)
    at async C:\Users\ATHARV\OneDrive\Desktop\Gagan Jain\TRAPit\node_modules\.p
npm\next@14.2.35_react-dom@18.2.0_react@18.2.0__react@18.2.0\node_modules\next\
dist\build\index.js:224:9
    at async Span.traceAsyncFn (C:\Users\ATHARV\OneDrive\Desktop\Gagan Jain\TRA
Pit\node_modules\.pnpm\next@14.2.35_react-dom@18.2.0_react@18.2.0__react@18.2.0
\node_modules\next\dist\trace\trace.js:154:20)
    at async writeStandaloneDirectory (C:\Users\ATHARV\OneDrive\Desktop\Gagan J
ain\TRAPit\node_modules\.pnpm\next@14.2.35_react-dom@18.2.0_react@18.2.0__react
@18.2.0\node_modules\next\dist\build\index.js:223:5)
    at async C:\Users\ATHARV\OneDrive\Desktop\Gagan Jain\TRAPit\node_modules\.p
npm\next@14.2.35_react-dom@18.2.0_react@18.2.0__react@18.2.0\node_modules\next\
dist\build\index.js:2143:17
    at async Span.traceAsyncFn (C:\Users\ATHARV\OneDrive\Desktop\Gagan Jain\TRA
Pit\node_modules\.pnpm\next@14.2.35_react-dom@18.2.0_react@18.2.0__react@18.2.0
\node_modules\next\dist\trace\trace.js:154:20) {
  errno: -4048,
  code: 'EPERM',
  syscall: 'symlink',
  path: 'C:\\Users\\ATHARV\\OneDrive\\Desktop\\Gagan Jain\\TRAPit\\node_modules
\\.pnpm\\@next+env@14.2.35\\node_modules\\@next\\env',
  dest: 'C:\\Users\\ATHARV\\OneDrive\\Desktop\\Gagan Jain\\TRAPit\\apps\\web\\.
next\\standalone\\node_modules\\.pnpm\\next@14.2.35_react-dom@18.2.0_react@18.2
.0__react@18.2.0\\node_modules\\@next\\env'
}
C:\Users\ATHARV\OneDrive\Desktop\Gagan Jain\TRAPit\apps\web:
ΓÇëERR_PNPM_RECURSIVE_RUN_FIRST_FAILΓÇë @trapit/web@0.1.0 build: `next build`
Exit status 1
